// Vitest Snapshot v1, https://vitest.dev/guide/snapshot.html

exports[`Тестування компонента  MobileNewestProducts > Знімок 1`] = `
{
  "asFragment": [Function],
  "baseElement": <body>
    <div>
      <div
        class="mobile__newest__wrapper"
      >
        <h2
          class="mobile__newest__title"
        >
          The Newest products
        </h2>
        <div
          class="mobile__newest__swiper"
        >
          <div
            class="swiper swiper-initialized swiper-horizontal"
          >
            <div
              class="swiper-wrapper"
              style="transition-duration: 0ms; transform: translate3d(NaNpx, 0px, 0px);"
            >
              <div
                class="swiper-slide mobile__newest__card"
              >
                <a
                  href="/catalogue?status=popular"
                >
                  <img
                    alt=""
                    class="mobile__newest__img"
                    src="/Images/bag3.jpg"
                  />
                  <span
                    class="mobile__newest__name"
                  >
                    Popular 2024
                  </span>
                </a>
              </div>
              <div
                class="swiper-slide mobile__newest__card"
              >
                <a
                  href="/catalogue?type=wallet"
                >
                  <img
                    alt=""
                    class="mobile__newest__img"
                    src="/Images/bag2.jpg"
                  />
                  <span
                    class="mobile__newest__name"
                  >
                    Wallets
                  </span>
                </a>
              </div>
              <div
                class="swiper-slide mobile__newest__card"
              >
                <a
                  href="/catalogue?type=purse"
                >
                  <img
                    alt=""
                    class="mobile__newest__img"
                    src="/Images/bag1.jpg"
                  />
                  <span
                    class="mobile__newest__name"
                  >
                    Purses
                  </span>
                </a>
              </div>
            </div>
          </div>
        </div>
      </div>
    </div>
  </body>,
  "container": <div>
    <div
      class="mobile__newest__wrapper"
    >
      <h2
        class="mobile__newest__title"
      >
        The Newest products
      </h2>
      <div
        class="mobile__newest__swiper"
      >
        <div
          class="swiper swiper-initialized swiper-horizontal"
        >
          <div
            class="swiper-wrapper"
            style="transition-duration: 0ms; transform: translate3d(NaNpx, 0px, 0px);"
          >
            <div
              class="swiper-slide mobile__newest__card"
            >
              <a
                href="/catalogue?status=popular"
              >
                <img
                  alt=""
                  class="mobile__newest__img"
                  src="/Images/bag3.jpg"
                />
                <span
                  class="mobile__newest__name"
                >
                  Popular 2024
                </span>
              </a>
            </div>
            <div
              class="swiper-slide mobile__newest__card"
            >
              <a
                href="/catalogue?type=wallet"
              >
                <img
                  alt=""
                  class="mobile__newest__img"
                  src="/Images/bag2.jpg"
                />
                <span
                  class="mobile__newest__name"
                >
                  Wallets
                </span>
              </a>
            </div>
            <div
              class="swiper-slide mobile__newest__card"
            >
              <a
                href="/catalogue?type=purse"
              >
                <img
                  alt=""
                  class="mobile__newest__img"
                  src="/Images/bag1.jpg"
                />
                <span
                  class="mobile__newest__name"
                >
                  Purses
                </span>
              </a>
            </div>
          </div>
        </div>
      </div>
    </div>
  </div>,
  "debug": [Function],
  "findAllByAltText": [Function],
  "findAllByDisplayValue": [Function],
  "findAllByLabelText": [Function],
  "findAllByPlaceholderText": [Function],
  "findAllByRole": [Function],
  "findAllByTestId": [Function],
  "findAllByText": [Function],
  "findAllByTitle": [Function],
  "findByAltText": [Function],
  "findByDisplayValue": [Function],
  "findByLabelText": [Function],
  "findByPlaceholderText": [Function],
  "findByRole": [Function],
  "findByTestId": [Function],
  "findByText": [Function],
  "findByTitle": [Function],
  "getAllByAltText": [Function],
  "getAllByDisplayValue": [Function],
  "getAllByLabelText": [Function],
  "getAllByPlaceholderText": [Function],
  "getAllByRole": [Function],
  "getAllByTestId": [Function],
  "getAllByText": [Function],
  "getAllByTitle": [Function],
  "getByAltText": [Function],
  "getByDisplayValue": [Function],
  "getByLabelText": [Function],
  "getByPlaceholderText": [Function],
  "getByRole": [Function],
  "getByTestId": [Function],
  "getByText": [Function],
  "getByTitle": [Function],
  "queryAllByAltText": [Function],
  "queryAllByDisplayValue": [Function],
  "queryAllByLabelText": [Function],
  "queryAllByPlaceholderText": [Function],
  "queryAllByRole": [Function],
  "queryAllByTestId": [Function],
  "queryAllByText": [Function],
  "queryAllByTitle": [Function],
  "queryByAltText": [Function],
  "queryByDisplayValue": [Function],
  "queryByLabelText": [Function],
  "queryByPlaceholderText": [Function],
  "queryByRole": [Function],
  "queryByTestId": [Function],
  "queryByText": [Function],
  "queryByTitle": [Function],
  "rerender": [Function],
  "unmount": [Function],
}
`;
