// Vitest Snapshot v1, https://vitest.dev/guide/snapshot.html

exports[`test Modal > render Modal 1`] = `
<DocumentFragment>
  <button
    class="header__button"
    type="button"
  >
    <svg
      fill="black"
      viewBox="0 0 16 16"
      xmlns="http://www.w3.org/2000/svg"
    >
      <path
        clip-rule="evenodd"
        d="M7.12587 8L2 2.87413L2.87413 2L8 7.12587L13.1259 2L14 2.87413L8.87413 8L14 13.1259L13.1259 14L8 8.87413L2.87413 14L2 13.1259L7.12587 8Z"
        fill="white"
        fill-rule="evenodd"
      />
    </svg>
  </button>
</DocumentFragment>
`;
