// Vitest Snapshot v1, https://vitest.dev/guide/snapshot.html

exports[`test Modal > render Modal 1`] = `
<DocumentFragment>
  <div />
</DocumentFragment>
`;
