// Vitest Snapshot v1, https://vitest.dev/guide/snapshot.html

exports[`Тестування компонента  desktopCard > Знімок 1`] = `
{
  "asFragment": [Function],
  "baseElement": <body>
    <div>
      <div
        class="feedbacks__card"
      >
        <div
          class="no__avatar__wrapper"
        >
          <p
            class="avatar__letter"
          />
        </div>
        <div
          class="feedbacks__stars"
        >
          <svg
            class=" star inactive"
            fill="none"
            height="20"
            viewBox="0 0 12 12"
            width="20"
            xmlns="http://www.w3.org/2000/svg"
          >
            <g
              clip-path="url(#clip0_1704_1143)"
            >
              <path
                d="M6.20634 0.5L7.55342 4.6459H11.9127L8.38597 7.2082L9.73305 11.3541L6.20634 8.7918L2.67963 11.3541L4.02671 7.2082L0.5 4.6459H4.85925L6.20634 0.5Z"
                fill="#FDE82A"
              />
            </g>
            <defs>
              <clippath
                id="clip0_1704_1143"
              >
                <rect
                  fill="white"
                  height="12"
                  width="12"
                />
              </clippath>
            </defs>
          </svg>
        </div>
        <p
          class="feedbacks__card__name"
        />
        <p
          class="feedbacks__card__description"
        />
      </div>
    </div>
  </body>,
  "container": <div>
    <div
      class="feedbacks__card"
    >
      <div
        class="no__avatar__wrapper"
      >
        <p
          class="avatar__letter"
        />
      </div>
      <div
        class="feedbacks__stars"
      >
        <svg
          class=" star inactive"
          fill="none"
          height="20"
          viewBox="0 0 12 12"
          width="20"
          xmlns="http://www.w3.org/2000/svg"
        >
          <g
            clip-path="url(#clip0_1704_1143)"
          >
            <path
              d="M6.20634 0.5L7.55342 4.6459H11.9127L8.38597 7.2082L9.73305 11.3541L6.20634 8.7918L2.67963 11.3541L4.02671 7.2082L0.5 4.6459H4.85925L6.20634 0.5Z"
              fill="#FDE82A"
            />
          </g>
          <defs>
            <clippath
              id="clip0_1704_1143"
            >
              <rect
                fill="white"
                height="12"
                width="12"
              />
            </clippath>
          </defs>
        </svg>
      </div>
      <p
        class="feedbacks__card__name"
      />
      <p
        class="feedbacks__card__description"
      />
    </div>
  </div>,
  "debug": [Function],
  "findAllByAltText": [Function],
  "findAllByDisplayValue": [Function],
  "findAllByLabelText": [Function],
  "findAllByPlaceholderText": [Function],
  "findAllByRole": [Function],
  "findAllByTestId": [Function],
  "findAllByText": [Function],
  "findAllByTitle": [Function],
  "findByAltText": [Function],
  "findByDisplayValue": [Function],
  "findByLabelText": [Function],
  "findByPlaceholderText": [Function],
  "findByRole": [Function],
  "findByTestId": [Function],
  "findByText": [Function],
  "findByTitle": [Function],
  "getAllByAltText": [Function],
  "getAllByDisplayValue": [Function],
  "getAllByLabelText": [Function],
  "getAllByPlaceholderText": [Function],
  "getAllByRole": [Function],
  "getAllByTestId": [Function],
  "getAllByText": [Function],
  "getAllByTitle": [Function],
  "getByAltText": [Function],
  "getByDisplayValue": [Function],
  "getByLabelText": [Function],
  "getByPlaceholderText": [Function],
  "getByRole": [Function],
  "getByTestId": [Function],
  "getByText": [Function],
  "getByTitle": [Function],
  "queryAllByAltText": [Function],
  "queryAllByDisplayValue": [Function],
  "queryAllByLabelText": [Function],
  "queryAllByPlaceholderText": [Function],
  "queryAllByRole": [Function],
  "queryAllByTestId": [Function],
  "queryAllByText": [Function],
  "queryAllByTitle": [Function],
  "queryByAltText": [Function],
  "queryByDisplayValue": [Function],
  "queryByLabelText": [Function],
  "queryByPlaceholderText": [Function],
  "queryByRole": [Function],
  "queryByTestId": [Function],
  "queryByText": [Function],
  "queryByTitle": [Function],
  "rerender": [Function],
  "unmount": [Function],
}
`;
