// Vitest Snapshot v1, https://vitest.dev/guide/snapshot.html

exports[`Тестування компонента  FooterItemMobile > Знімок 1`] = `
{
  "asFragment": [Function],
  "baseElement": <body>
    <div>
      <div
        class="footer__title__wrapper"
      >
        <h4
          class="footer__title"
        />
        <button
          class="toopen "
        >
          <svg
            class=""
            fill="none"
            height="17"
            viewBox="0 0 16 17"
            width="16"
            xmlns="http://www.w3.org/2000/svg"
          >
            <path
              d="M4.13828 7.04375L5.10391 6.07812L8.00078 8.975L10.8977 6.07812L11.8633 7.04375L8.00078 10.9062L4.13828 7.04375Z"
              fill="#FEFEFE"
            />
          </svg>
        </button>
      </div>
    </div>
  </body>,
  "container": <div>
    <div
      class="footer__title__wrapper"
    >
      <h4
        class="footer__title"
      />
      <button
        class="toopen "
      >
        <svg
          class=""
          fill="none"
          height="17"
          viewBox="0 0 16 17"
          width="16"
          xmlns="http://www.w3.org/2000/svg"
        >
          <path
            d="M4.13828 7.04375L5.10391 6.07812L8.00078 8.975L10.8977 6.07812L11.8633 7.04375L8.00078 10.9062L4.13828 7.04375Z"
            fill="#FEFEFE"
          />
        </svg>
      </button>
    </div>
  </div>,
  "debug": [Function],
  "findAllByAltText": [Function],
  "findAllByDisplayValue": [Function],
  "findAllByLabelText": [Function],
  "findAllByPlaceholderText": [Function],
  "findAllByRole": [Function],
  "findAllByTestId": [Function],
  "findAllByText": [Function],
  "findAllByTitle": [Function],
  "findByAltText": [Function],
  "findByDisplayValue": [Function],
  "findByLabelText": [Function],
  "findByPlaceholderText": [Function],
  "findByRole": [Function],
  "findByTestId": [Function],
  "findByText": [Function],
  "findByTitle": [Function],
  "getAllByAltText": [Function],
  "getAllByDisplayValue": [Function],
  "getAllByLabelText": [Function],
  "getAllByPlaceholderText": [Function],
  "getAllByRole": [Function],
  "getAllByTestId": [Function],
  "getAllByText": [Function],
  "getAllByTitle": [Function],
  "getByAltText": [Function],
  "getByDisplayValue": [Function],
  "getByLabelText": [Function],
  "getByPlaceholderText": [Function],
  "getByRole": [Function],
  "getByTestId": [Function],
  "getByText": [Function],
  "getByTitle": [Function],
  "queryAllByAltText": [Function],
  "queryAllByDisplayValue": [Function],
  "queryAllByLabelText": [Function],
  "queryAllByPlaceholderText": [Function],
  "queryAllByRole": [Function],
  "queryAllByTestId": [Function],
  "queryAllByText": [Function],
  "queryAllByTitle": [Function],
  "queryByAltText": [Function],
  "queryByDisplayValue": [Function],
  "queryByLabelText": [Function],
  "queryByPlaceholderText": [Function],
  "queryByRole": [Function],
  "queryByTestId": [Function],
  "queryByText": [Function],
  "queryByTitle": [Function],
  "rerender": [Function],
  "unmount": [Function],
}
`;
