// Vitest Snapshot v1, https://vitest.dev/guide/snapshot.html

exports[`Тестування компонента  OurProducts > Знімок 1`] = `
{
  "asFragment": [Function],
  "baseElement": <body>
    <div>
      <section>
        <div
          class="products__wrapper"
        >
          <div
            class="container products"
          >
            <div
              class="products__images"
            >
              <div
                class="products__images"
              >
                <img
                  alt=""
                  src="/Images/forWomen.jpg"
                />
                <a
                  class="button-black products__image__caption"
                  href="/catalogue?categories=woman"
                >
                  for woman
                </a>
              </div>
              <div
                class="products__images"
              >
                <img
                  alt=""
                  src="/Images/forKids.jpg"
                />
                <a
                  class="button-black products__image__caption"
                  href="/catalogue?categories=children"
                >
                  for woman
                </a>
              </div>
              <div
                class="products__images"
              >
                <img
                  alt=""
                  src="/Images/forMen.jpg"
                />
                <a
                  class="button-black products__image__caption"
                  href="/catalogue?categories=men"
                >
                  for woman
                </a>
              </div>
            </div>
          </div>
        </div>
      </section>
    </div>
  </body>,
  "container": <div>
    <section>
      <div
        class="products__wrapper"
      >
        <div
          class="container products"
        >
          <div
            class="products__images"
          >
            <div
              class="products__images"
            >
              <img
                alt=""
                src="/Images/forWomen.jpg"
              />
              <a
                class="button-black products__image__caption"
                href="/catalogue?categories=woman"
              >
                for woman
              </a>
            </div>
            <div
              class="products__images"
            >
              <img
                alt=""
                src="/Images/forKids.jpg"
              />
              <a
                class="button-black products__image__caption"
                href="/catalogue?categories=children"
              >
                for woman
              </a>
            </div>
            <div
              class="products__images"
            >
              <img
                alt=""
                src="/Images/forMen.jpg"
              />
              <a
                class="button-black products__image__caption"
                href="/catalogue?categories=men"
              >
                for woman
              </a>
            </div>
          </div>
        </div>
      </div>
    </section>
  </div>,
  "debug": [Function],
  "findAllByAltText": [Function],
  "findAllByDisplayValue": [Function],
  "findAllByLabelText": [Function],
  "findAllByPlaceholderText": [Function],
  "findAllByRole": [Function],
  "findAllByTestId": [Function],
  "findAllByText": [Function],
  "findAllByTitle": [Function],
  "findByAltText": [Function],
  "findByDisplayValue": [Function],
  "findByLabelText": [Function],
  "findByPlaceholderText": [Function],
  "findByRole": [Function],
  "findByTestId": [Function],
  "findByText": [Function],
  "findByTitle": [Function],
  "getAllByAltText": [Function],
  "getAllByDisplayValue": [Function],
  "getAllByLabelText": [Function],
  "getAllByPlaceholderText": [Function],
  "getAllByRole": [Function],
  "getAllByTestId": [Function],
  "getAllByText": [Function],
  "getAllByTitle": [Function],
  "getByAltText": [Function],
  "getByDisplayValue": [Function],
  "getByLabelText": [Function],
  "getByPlaceholderText": [Function],
  "getByRole": [Function],
  "getByTestId": [Function],
  "getByText": [Function],
  "getByTitle": [Function],
  "queryAllByAltText": [Function],
  "queryAllByDisplayValue": [Function],
  "queryAllByLabelText": [Function],
  "queryAllByPlaceholderText": [Function],
  "queryAllByRole": [Function],
  "queryAllByTestId": [Function],
  "queryAllByText": [Function],
  "queryAllByTitle": [Function],
  "queryByAltText": [Function],
  "queryByDisplayValue": [Function],
  "queryByLabelText": [Function],
  "queryByPlaceholderText": [Function],
  "queryByRole": [Function],
  "queryByTestId": [Function],
  "queryByText": [Function],
  "queryByTitle": [Function],
  "rerender": [Function],
  "unmount": [Function],
}
`;
