// Vitest Snapshot v1, https://vitest.dev/guide/snapshot.html

exports[`Тестування компонента ShopsPage > Знімок 1`] = `
{
  "asFragment": [Function],
  "baseElement": <body>
    <div>
      <div>
        <h2
          class="shops__title"
        >
          LIST STORE ADDRESS
        </h2>
      </div>
      <nav
        class="shops__nav"
      >
        <a
          class="button-white button__submitFilter-white"
          href="/kharkiv"
        >
          kharkiv
        </a>
        <a
          class="button-white button__submitFilter-white"
          href="/kyiv"
        >
          kyiv
        </a>
        <a
          class="button-white button__submitFilter-white"
          href="/odesa"
        >
          odesa
        </a>
        <a
          class="button-white button__submitFilter-white"
          href="/lviv"
        >
          lviv
        </a>
        <a
          class="button-white button__submitFilter-white"
          href="/dnipro"
        >
          dnipro
        </a>
      </nav>
    </div>
  </body>,
  "container": <div>
    <div>
      <h2
        class="shops__title"
      >
        LIST STORE ADDRESS
      </h2>
    </div>
    <nav
      class="shops__nav"
    >
      <a
        class="button-white button__submitFilter-white"
        href="/kharkiv"
      >
        kharkiv
      </a>
      <a
        class="button-white button__submitFilter-white"
        href="/kyiv"
      >
        kyiv
      </a>
      <a
        class="button-white button__submitFilter-white"
        href="/odesa"
      >
        odesa
      </a>
      <a
        class="button-white button__submitFilter-white"
        href="/lviv"
      >
        lviv
      </a>
      <a
        class="button-white button__submitFilter-white"
        href="/dnipro"
      >
        dnipro
      </a>
    </nav>
  </div>,
  "debug": [Function],
  "findAllByAltText": [Function],
  "findAllByDisplayValue": [Function],
  "findAllByLabelText": [Function],
  "findAllByPlaceholderText": [Function],
  "findAllByRole": [Function],
  "findAllByTestId": [Function],
  "findAllByText": [Function],
  "findAllByTitle": [Function],
  "findByAltText": [Function],
  "findByDisplayValue": [Function],
  "findByLabelText": [Function],
  "findByPlaceholderText": [Function],
  "findByRole": [Function],
  "findByTestId": [Function],
  "findByText": [Function],
  "findByTitle": [Function],
  "getAllByAltText": [Function],
  "getAllByDisplayValue": [Function],
  "getAllByLabelText": [Function],
  "getAllByPlaceholderText": [Function],
  "getAllByRole": [Function],
  "getAllByTestId": [Function],
  "getAllByText": [Function],
  "getAllByTitle": [Function],
  "getByAltText": [Function],
  "getByDisplayValue": [Function],
  "getByLabelText": [Function],
  "getByPlaceholderText": [Function],
  "getByRole": [Function],
  "getByTestId": [Function],
  "getByText": [Function],
  "getByTitle": [Function],
  "queryAllByAltText": [Function],
  "queryAllByDisplayValue": [Function],
  "queryAllByLabelText": [Function],
  "queryAllByPlaceholderText": [Function],
  "queryAllByRole": [Function],
  "queryAllByTestId": [Function],
  "queryAllByText": [Function],
  "queryAllByTitle": [Function],
  "queryByAltText": [Function],
  "queryByDisplayValue": [Function],
  "queryByLabelText": [Function],
  "queryByPlaceholderText": [Function],
  "queryByRole": [Function],
  "queryByTestId": [Function],
  "queryByText": [Function],
  "queryByTitle": [Function],
  "rerender": [Function],
  "unmount": [Function],
}
`;
