// Vitest Snapshot v1, https://vitest.dev/guide/snapshot.html

exports[`Тестування компонента  AboutUsPage > Знімок 1`] = `
{
  "asFragment": [Function],
  "baseElement": <body>
    <div>
      <div
        class="aboutus"
      >
        <h2
          class="aboutus__h2"
        >
          About us
        </h2>
        <div
          class="aboutus__block"
        >
          <img
            alt="man"
            class="aboutus__photo first"
            src="/Images/aboutUsMan.jpg"
          />
          <p
            class="aboutus__mainText second"
          >
            Protect was founded in Kharkiv to meet the needs of customers in reliable and high-quality bags and backpacks. The founders of the store were students who were constantly searching for convenient and practical bags and backpacks for their educational needs. 
            <br />
            <br />
             
            <span>
              In 2002, they decided to create their own style for bag and backpack store to give customers the maximum choice and quality. The main value of the store is satisfaction of customers' needs and satisfaction after each purchase. Protect tries to always keep up to date with the latest trends and consumer needs to provide them with modern and high-quality products.
            </span>
          </p>
          <img
            alt="woman"
            class="aboutus__photo third"
            src="/Images/aboutUsWoman.jpg"
          />
          <p
            class="aboutus__mainText fourth"
          >
            Protect offers a wide range of bags and rucksacks, including a variety of models and sizes, all of which can be expected for maximum performance and quality. All products offered by the seller are tested and tested to ensure compliance with safety and quality standards. 
            <br />
            <br />
             Protect always strives for improvement and development to provide the best possible services and products for its customers. Their team consists of sales and customer service experts who are always ready to help you with any questions about the products or services provided by the store.
          </p>
        </div>
      </div>
    </div>
  </body>,
  "container": <div>
    <div
      class="aboutus"
    >
      <h2
        class="aboutus__h2"
      >
        About us
      </h2>
      <div
        class="aboutus__block"
      >
        <img
          alt="man"
          class="aboutus__photo first"
          src="/Images/aboutUsMan.jpg"
        />
        <p
          class="aboutus__mainText second"
        >
          Protect was founded in Kharkiv to meet the needs of customers in reliable and high-quality bags and backpacks. The founders of the store were students who were constantly searching for convenient and practical bags and backpacks for their educational needs. 
          <br />
          <br />
           
          <span>
            In 2002, they decided to create their own style for bag and backpack store to give customers the maximum choice and quality. The main value of the store is satisfaction of customers' needs and satisfaction after each purchase. Protect tries to always keep up to date with the latest trends and consumer needs to provide them with modern and high-quality products.
          </span>
        </p>
        <img
          alt="woman"
          class="aboutus__photo third"
          src="/Images/aboutUsWoman.jpg"
        />
        <p
          class="aboutus__mainText fourth"
        >
          Protect offers a wide range of bags and rucksacks, including a variety of models and sizes, all of which can be expected for maximum performance and quality. All products offered by the seller are tested and tested to ensure compliance with safety and quality standards. 
          <br />
          <br />
           Protect always strives for improvement and development to provide the best possible services and products for its customers. Their team consists of sales and customer service experts who are always ready to help you with any questions about the products or services provided by the store.
        </p>
      </div>
    </div>
  </div>,
  "debug": [Function],
  "findAllByAltText": [Function],
  "findAllByDisplayValue": [Function],
  "findAllByLabelText": [Function],
  "findAllByPlaceholderText": [Function],
  "findAllByRole": [Function],
  "findAllByTestId": [Function],
  "findAllByText": [Function],
  "findAllByTitle": [Function],
  "findByAltText": [Function],
  "findByDisplayValue": [Function],
  "findByLabelText": [Function],
  "findByPlaceholderText": [Function],
  "findByRole": [Function],
  "findByTestId": [Function],
  "findByText": [Function],
  "findByTitle": [Function],
  "getAllByAltText": [Function],
  "getAllByDisplayValue": [Function],
  "getAllByLabelText": [Function],
  "getAllByPlaceholderText": [Function],
  "getAllByRole": [Function],
  "getAllByTestId": [Function],
  "getAllByText": [Function],
  "getAllByTitle": [Function],
  "getByAltText": [Function],
  "getByDisplayValue": [Function],
  "getByLabelText": [Function],
  "getByPlaceholderText": [Function],
  "getByRole": [Function],
  "getByTestId": [Function],
  "getByText": [Function],
  "getByTitle": [Function],
  "queryAllByAltText": [Function],
  "queryAllByDisplayValue": [Function],
  "queryAllByLabelText": [Function],
  "queryAllByPlaceholderText": [Function],
  "queryAllByRole": [Function],
  "queryAllByTestId": [Function],
  "queryAllByText": [Function],
  "queryAllByTitle": [Function],
  "queryByAltText": [Function],
  "queryByDisplayValue": [Function],
  "queryByLabelText": [Function],
  "queryByPlaceholderText": [Function],
  "queryByRole": [Function],
  "queryByTestId": [Function],
  "queryByText": [Function],
  "queryByTitle": [Function],
  "rerender": [Function],
  "unmount": [Function],
}
`;
