// Vitest Snapshot v1, https://vitest.dev/guide/snapshot.html

exports[`Тестування компонента  MobileProducts > Знімок 1`] = `
{
  "asFragment": [Function],
  "baseElement": <body>
    <div>
      <section>
        <div
          class="products__wrapper"
        >
          <h2
            class="products__title"
          >
            Our Products
          </h2>
          <div
            class="swiper swiper-initialized swiper-horizontal mySwiper"
          >
            <div
              class="swiper-wrapper"
              style="transition-duration: 0ms; transform: translate3d(NaNpx, 0px, 0px);"
            >
              <div
                class="swiper-slide products__image"
              >
                <div
                  class="slide"
                >
                  <img
                    alt=""
                    src="/Images/forWomenMobile.jpg"
                  />
                </div>
                <a
                  class="button-black product__image__caption"
                  href="/catalogue?categories=woman"
                >
                  for woman
                </a>
              </div>
              <div
                class="swiper-slide products__image"
              >
                <div
                  class="slide"
                >
                  <img
                    alt=""
                    src="/Images/forKidsMobile.jpg"
                  />
                </div>
                <a
                  class="button-black product__image__caption"
                  href="/catalogue?categories=children"
                >
                  for children
                </a>
              </div>
              <div
                class="swiper-slide products__image"
              >
                <div
                  class="slide"
                >
                  <img
                    alt=""
                    src="/Images/forMenMobile.jpg"
                  />
                </div>
                <a
                  class="button-black product__image__caption"
                  href="/catalogue?categories=men"
                >
                  for men
                </a>
              </div>
            </div>
          </div>
        </div>
      </section>
    </div>
  </body>,
  "container": <div>
    <section>
      <div
        class="products__wrapper"
      >
        <h2
          class="products__title"
        >
          Our Products
        </h2>
        <div
          class="swiper swiper-initialized swiper-horizontal mySwiper"
        >
          <div
            class="swiper-wrapper"
            style="transition-duration: 0ms; transform: translate3d(NaNpx, 0px, 0px);"
          >
            <div
              class="swiper-slide products__image"
            >
              <div
                class="slide"
              >
                <img
                  alt=""
                  src="/Images/forWomenMobile.jpg"
                />
              </div>
              <a
                class="button-black product__image__caption"
                href="/catalogue?categories=woman"
              >
                for woman
              </a>
            </div>
            <div
              class="swiper-slide products__image"
            >
              <div
                class="slide"
              >
                <img
                  alt=""
                  src="/Images/forKidsMobile.jpg"
                />
              </div>
              <a
                class="button-black product__image__caption"
                href="/catalogue?categories=children"
              >
                for children
              </a>
            </div>
            <div
              class="swiper-slide products__image"
            >
              <div
                class="slide"
              >
                <img
                  alt=""
                  src="/Images/forMenMobile.jpg"
                />
              </div>
              <a
                class="button-black product__image__caption"
                href="/catalogue?categories=men"
              >
                for men
              </a>
            </div>
          </div>
        </div>
      </div>
    </section>
  </div>,
  "debug": [Function],
  "findAllByAltText": [Function],
  "findAllByDisplayValue": [Function],
  "findAllByLabelText": [Function],
  "findAllByPlaceholderText": [Function],
  "findAllByRole": [Function],
  "findAllByTestId": [Function],
  "findAllByText": [Function],
  "findAllByTitle": [Function],
  "findByAltText": [Function],
  "findByDisplayValue": [Function],
  "findByLabelText": [Function],
  "findByPlaceholderText": [Function],
  "findByRole": [Function],
  "findByTestId": [Function],
  "findByText": [Function],
  "findByTitle": [Function],
  "getAllByAltText": [Function],
  "getAllByDisplayValue": [Function],
  "getAllByLabelText": [Function],
  "getAllByPlaceholderText": [Function],
  "getAllByRole": [Function],
  "getAllByTestId": [Function],
  "getAllByText": [Function],
  "getAllByTitle": [Function],
  "getByAltText": [Function],
  "getByDisplayValue": [Function],
  "getByLabelText": [Function],
  "getByPlaceholderText": [Function],
  "getByRole": [Function],
  "getByTestId": [Function],
  "getByText": [Function],
  "getByTitle": [Function],
  "queryAllByAltText": [Function],
  "queryAllByDisplayValue": [Function],
  "queryAllByLabelText": [Function],
  "queryAllByPlaceholderText": [Function],
  "queryAllByRole": [Function],
  "queryAllByTestId": [Function],
  "queryAllByText": [Function],
  "queryAllByTitle": [Function],
  "queryByAltText": [Function],
  "queryByDisplayValue": [Function],
  "queryByLabelText": [Function],
  "queryByPlaceholderText": [Function],
  "queryByRole": [Function],
  "queryByTestId": [Function],
  "queryByText": [Function],
  "queryByTitle": [Function],
  "rerender": [Function],
  "unmount": [Function],
}
`;
