// Vitest Snapshot v1, https://vitest.dev/guide/snapshot.html

exports[`Тестування компонента  SearchResultPage > Знімок 1`] = `
{
  "asFragment": [Function],
  "baseElement": <body>
    <div>
      <div
        class="container"
      >
        <h2
          class="search__title"
        >
          search
          <span>
            some text
          </span>
        </h2>
        <div
          class="search__block"
        >
          <div
            class="search__input-group"
          >
            <form>
              <input
                class="search__input"
                name="search"
                type="text"
                value="some text"
              />
            </form>
            <button
              class="button-black search__btn"
              type="button"
            >
              SEARCH
            </button>
          </div>
          <div
            class="search__function-group"
          >
            <div>
              <button
                class="sort"
              >
                sort
                <svg
                  fill="none"
                  height="16"
                  viewBox="0 0 16 16"
                  width="16"
                  xmlns="http://www.w3.org/2000/svg"
                >
                  <path
                    d="M4.13828 6.54375L5.10391 5.57812L8.00078 8.475L10.8977 5.57812L11.8633 6.54375L8.00078 10.4062L4.13828 6.54375Z"
                    fill="#191919"
                  />
                </svg>
              </button>
            </div>
          </div>
        </div>
        <h3
          class="search__result__title"
        >
          We don’t have this goods now
          <br />
           Change your search request
          <br />
           or look other similar goods in our 
          <a
            href="/catalogue"
          >
            <span>
              catalogue
            </span>
          </a>
        </h3>
        <div
          class="search__result"
        />
      </div>
    </div>
  </body>,
  "container": <div>
    <div
      class="container"
    >
      <h2
        class="search__title"
      >
        search
        <span>
          some text
        </span>
      </h2>
      <div
        class="search__block"
      >
        <div
          class="search__input-group"
        >
          <form>
            <input
              class="search__input"
              name="search"
              type="text"
              value="some text"
            />
          </form>
          <button
            class="button-black search__btn"
            type="button"
          >
            SEARCH
          </button>
        </div>
        <div
          class="search__function-group"
        >
          <div>
            <button
              class="sort"
            >
              sort
              <svg
                fill="none"
                height="16"
                viewBox="0 0 16 16"
                width="16"
                xmlns="http://www.w3.org/2000/svg"
              >
                <path
                  d="M4.13828 6.54375L5.10391 5.57812L8.00078 8.475L10.8977 5.57812L11.8633 6.54375L8.00078 10.4062L4.13828 6.54375Z"
                  fill="#191919"
                />
              </svg>
            </button>
          </div>
        </div>
      </div>
      <h3
        class="search__result__title"
      >
        We don’t have this goods now
        <br />
         Change your search request
        <br />
         or look other similar goods in our 
        <a
          href="/catalogue"
        >
          <span>
            catalogue
          </span>
        </a>
      </h3>
      <div
        class="search__result"
      />
    </div>
  </div>,
  "debug": [Function],
  "findAllByAltText": [Function],
  "findAllByDisplayValue": [Function],
  "findAllByLabelText": [Function],
  "findAllByPlaceholderText": [Function],
  "findAllByRole": [Function],
  "findAllByTestId": [Function],
  "findAllByText": [Function],
  "findAllByTitle": [Function],
  "findByAltText": [Function],
  "findByDisplayValue": [Function],
  "findByLabelText": [Function],
  "findByPlaceholderText": [Function],
  "findByRole": [Function],
  "findByTestId": [Function],
  "findByText": [Function],
  "findByTitle": [Function],
  "getAllByAltText": [Function],
  "getAllByDisplayValue": [Function],
  "getAllByLabelText": [Function],
  "getAllByPlaceholderText": [Function],
  "getAllByRole": [Function],
  "getAllByTestId": [Function],
  "getAllByText": [Function],
  "getAllByTitle": [Function],
  "getByAltText": [Function],
  "getByDisplayValue": [Function],
  "getByLabelText": [Function],
  "getByPlaceholderText": [Function],
  "getByRole": [Function],
  "getByTestId": [Function],
  "getByText": [Function],
  "getByTitle": [Function],
  "queryAllByAltText": [Function],
  "queryAllByDisplayValue": [Function],
  "queryAllByLabelText": [Function],
  "queryAllByPlaceholderText": [Function],
  "queryAllByRole": [Function],
  "queryAllByTestId": [Function],
  "queryAllByText": [Function],
  "queryAllByTitle": [Function],
  "queryByAltText": [Function],
  "queryByDisplayValue": [Function],
  "queryByLabelText": [Function],
  "queryByPlaceholderText": [Function],
  "queryByRole": [Function],
  "queryByTestId": [Function],
  "queryByText": [Function],
  "queryByTitle": [Function],
  "rerender": [Function],
  "unmount": [Function],
}
`;
